// Jest Snapshot v1, https://goo.gl/fbAQLP

exports[`convert converts 1`] = `
[
  [
    "Komisija",
    "Vārds, uzvārds",
    "Partija",
    "Amats",
    "No",
    "Līdz",
  ],
  [
    "Ārlietu komisija",
    "Rihards Kols",
    "NA",
    "Priekšsēdētājs",
    "=DATE(2022, 11, 23)",
    "",
  ],
  [
    "Ārlietu komisija",
    "Rihards Kols",
    "NA",
    "Deputāts",
    "=DATE(2022, 11, 23)",
    "=DATE(2022, 11, 23)",
  ],
  [
    "Ārlietu komisija",
    "Irma Kalniņa",
    "JV",
    "Priekšsēdētāja biedre",
    "=DATE(2023, 09, 27)",
    "",
  ],
  [
    "Ārlietu komisija",
    "Irma Kalniņa",
    "JV",
    "Sekretāre",
    "=DATE(2022, 11, 23)",
    "=DATE(2023, 09, 27)",
  ],
  [
    "Ārlietu komisija",
    "Irma Kalniņa",
    "JV",
    "Deputāte",
    "=DATE(2022, 11, 23)",
    "=DATE(2022, 11, 23)",
  ],
  [
    "Ārlietu komisija",
    "Juris Viļums",
    "AS",
    "Sekretārs",
    "=DATE(2023, 09, 27)",
    "",
  ],
  [
    "Ārlietu komisija",
    "Juris Viļums",
    "AS",
    "Priekšsēdētāja biedrs",
    "=DATE(2022, 11, 23)",
    "=DATE(2023, 09, 27)",
  ],
  [
    "Ārlietu komisija",
    "Juris Viļums",
    "AS",
    "Deputāts",
    "=DATE(2022, 11, 23)",
    "=DATE(2022, 11, 23)",
  ],
  [
    "Ārlietu komisija",
    "Edmunds Cepurītis",
    "PRO",
    "Deputāts",
    "=DATE(2023, 09, 21)",
    "",
  ],
  [
    "Ārlietu komisija",
    "Jānis Dombrava",
    "NA",
    "Deputāts",
    "=DATE(2023, 09, 21)",
    "",
  ],
  [
    "Ārlietu komisija",
    "Zanda Kalniņa-Lukaševica",
    "JV",
    "Deputāte",
    "=DATE(2022, 11, 23)",
    "",
  ],
  [
    "Ārlietu komisija",
    "Dmitrijs Kovaļenko",
    "ST!",
    "Deputāts",
    "=DATE(2022, 11, 23)",
    "",
  ],
  [
    "Ārlietu komisija",
    "Edvards Smiltēns",
    "AS",
    "Deputāts",
    "=DATE(2022, 11, 23)",
    "",
  ],
  [
    "Ārlietu komisija",
    "Ričards Šlesers",
    "LPV",
    "Deputāts",
    "=DATE(2022, 11, 23)",
    "",
  ],
  [
    "Ārlietu komisija",
    "Jānis Vucāns",
    "ZZS",
    "Deputāts",
    "=DATE(2023, 09, 21)",
    "",
  ],
  [
    "Budžeta un finanšu (nodokļu) komisija",
    "Jānis Reirs",
    "JV",
    "Priekšsēdētājs",
    "=DATE(2022, 12, 15)",
    "",
  ],
  [
    "Budžeta un finanšu (nodokļu) komisija",
    "Jānis Reirs",
    "JV",
    "Deputāts",
    "=DATE(2022, 12, 15)",
    "=DATE(2022, 12, 15)",
  ],
  [
    "Budžeta un finanšu (nodokļu) komisija",
    "Andris Šuvajevs",
    "PRO",
    "Priekšsēdētāja biedrs",
    "=DATE(2023, 09, 27)",
    "",
  ],
  [
    "Budžeta un finanšu (nodokļu) komisija",
    "Andris Šuvajevs",
    "PRO",
    "Deputāts",
    "=DATE(2022, 11, 23)",
    "=DATE(2023, 09, 27)",
  ],
  [
    "Budžeta un finanšu (nodokļu) komisija",
    "Aiva Vīksna",
    "AS",
    "Sekretāre",
    "=DATE(2022, 11, 23)",
    "",
  ],
  [
    "Budžeta un finanšu (nodokļu) komisija",
    "Aiva Vīksna",
    "AS",
    "Deputāte",
    "=DATE(2022, 11, 23)",
    "=DATE(2022, 11, 23)",
  ],
  [
    "Budžeta un finanšu (nodokļu) komisija",
    "Artūrs Butāns",
    "NA",
    "Deputāts",
    "=DATE(2023, 09, 27)",
    "",
  ],
  [
    "Budžeta un finanšu (nodokļu) komisija",
    "Artūrs Butāns",
    "NA",
    "Priekšsēdētāja biedrs",
    "=DATE(2022, 11, 23)",
    "=DATE(2023, 09, 27)",
  ],
  [
    "Budžeta un finanšu (nodokļu) komisija",
    "Artūrs Butāns",
    "NA",
    "Deputāts",
    "=DATE(2022, 11, 23)",
    "=DATE(2022, 11, 23)",
  ],
  [
    "Budžeta un finanšu (nodokļu) komisija",
    "Raimonds Čudars",
    "JV",
    "Deputāts",
    "=DATE(2023, 09, 21)",
    "",
  ],
]
`;
